// Jest Snapshot v1, https://goo.gl/fbAQLP

exports[`tests on <HeroPage /> should match snapshot 1`] = `
<div>
  <div
    class="mt-8 grid grid-cols-3 gap-8 animate__animated animate__fadeInLeft"
  >
    <div
      class="col-span-1"
    >
      <img
        alt="Green Arrow"
        class="border border-gray-300 rounded-md p-1 h-64 sm:h-auto"
        src="./../assets/heroes/dc-arrow.jpg"
      />
    </div>
    <div
      class="col-span-2"
    >
      <h3
        class="mb-4 text-2xl font-semibold tracking-tight text-gray-900 md:text-3xl lg:text-4xl"
      >
        Green Arrow
      </h3>
      <ul
        class="list-none text-sm space-y-2"
      >
        <li>
          <b>
            Alter ego: 
          </b>
          Oliver Queen
        </li>
        <hr />
        <li>
          <b>
            Publisher: 
          </b>
          DC Comics
        </li>
        <hr />
        <li>
          <b>
            First appearance: 
          </b>
          More Fun Comics #73
        </li>
        <hr />
      </ul>
      <h5
        class="mt-3 text-lg font-semibold text-gray-900 md:text-xl lg:text-2xl"
      >
        Characters
      </h5>
      <p
        class="text-sm my-2"
      >
        Oliver Queen
      </p>
      <button
        class="mt-2 bg-transparent hover:bg-emerald text-emerald font-semibold hover:text-white py-1 px-4 border border-emerald hover:border-transparent rounded"
      >
        Back
      </button>
    </div>
  </div>
</div>
`;
