// Jest Snapshot v1, https://goo.gl/fbAQLP

exports[`tests on <SearchPage /> should match snapshot with default values 1`] = `
<div>
  <h1
    class="mb-4 text-4xl font-bold leading-none tracking-tight text-gray-900 md:text-5xl lg:text-6xl"
  >
    Search Page
  </h1>
  <hr />
  <div
    class="sm:grid sm:grid-cols-12 sm:gap-12"
  >
    <div
      class="col-span-5 space-y-2"
    >
      <h4
        class="mt-3 text-lg font-semibold text-gray-900 md:text-xl lg:text-2xl"
      >
        Searching
      </h4>
      <hr />
      <form
        aria-label="form-test"
        class="flex flex-col"
      >
        <input
          autocomplete="off"
          class="bg-gray-50 border border-gray-300 text-gray-900 text-sm rounded-lg focus:ring-munsell-blue focus:border-munsell-blue block w-full p-2.5"
          name="searchText"
          placeholder="Search a hero"
          type="text"
          value=""
        />
        <button
          class="mt-4 bg-transparent text-munsell-blue hover:bg-munsell-blue hover:text-white font-semibold py-2 px-4 border border-munsell-blue hover:border-transparent rounded w-min"
        >
          Search
        </button>
      </form>
    </div>
    <div
      class="col-span-7 space-y-2"
    >
      <h4
        class="mt-3 text-lg font-semibold text-gray-900 md:text-xl lg:text-2xl"
      >
        Results
      </h4>
      <hr />
      <div
        class="flex items-center bg-munsell-blue text-white text-sm font-bold px-4 py-3 bg-opacity-80 animate__animated animate__fadeIn"
        role="alert"
      >
        <svg
          class="fill-current w-4 h-4 mr-2"
          viewBox="0 0 20 20"
          xmlns="http://www.w3.org/2000/svg"
        >
          <path
            d="M12.432 0c1.34 0 2.01.912 2.01 1.957 0 1.305-1.164 2.512-2.679 2.512-1.269 0-2.009-.75-1.974-1.99C9.789 1.436 10.67 0 12.432 0zM8.309 20c-1.058 0-1.833-.652-1.093-3.524l1.214-5.092c.211-.814.246-1.141 0-1.141-.317 0-1.689.562-2.502 1.117l-.528-.88c2.572-2.186 5.531-3.467 6.801-3.467 1.057 0 1.233 1.273.705 3.23l-1.391 5.352c-.246.945-.141 1.271.106 1.271.317 0 1.357-.392 2.379-1.207l.6.814C12.098 19.02 9.365 20 8.309 20z"
          />
        </svg>
        <p>
          Search a hero
        </p>
      </div>
      <div
        class="flex flex-col items-center space-y-2"
      />
    </div>
  </div>
</div>
`;
